// Jest Snapshot v1, https://goo.gl/fbAQLP

exports[`Snapshot Test 1`] = `
Object {
  "Description": "Lambda functions to operate Tasks of test-cluster",
  "Parameters": Object {
    "BootstrapVersion": Object {
      "Default": "/cdk-bootstrap/hnb659fds/version",
      "Description": "Version of the CDK Bootstrap resources in this environment, automatically retrieved from SSM Parameter Store. [cdk:skip]",
      "Type": "AWS::SSM::Parameter::Value<String>",
    },
  },
  "Resources": Object {
    "LogRetentionaae0aa3c5b4d4f87b02d85b201efdd8aFD4BFC8A": Object {
      "DependsOn": Array [
        "LogRetentionaae0aa3c5b4d4f87b02d85b201efdd8aServiceRoleDefaultPolicyADDA7DEB",
        "LogRetentionaae0aa3c5b4d4f87b02d85b201efdd8aServiceRole9741ECFB",
      ],
      "Properties": Object {
        "Code": Object {
          "S3Bucket": Object {
            "Fn::Sub": "cdk-hnb659fds-assets-\${AWS::AccountId}-us-east-1",
          },
          "S3Key": "XXXXXXXXXXXXXXXXXXXXXXXXXXXXXXXXXXXXXXXXXXXXXXXXXXXXXXXXXXXXXXXX.zip",
        },
        "Handler": "index.handler",
        "Role": Object {
          "Fn::GetAtt": Array [
            "LogRetentionaae0aa3c5b4d4f87b02d85b201efdd8aServiceRole9741ECFB",
            "Arn",
          ],
        },
        "Runtime": "nodejs14.x",
      },
      "Type": "AWS::Lambda::Function",
    },
    "LogRetentionaae0aa3c5b4d4f87b02d85b201efdd8aServiceRole9741ECFB": Object {
      "Properties": Object {
        "AssumeRolePolicyDocument": Object {
          "Statement": Array [
            Object {
              "Action": "sts:AssumeRole",
              "Effect": "Allow",
              "Principal": Object {
                "Service": "lambda.amazonaws.com",
              },
            },
          ],
          "Version": "2012-10-17",
        },
        "ManagedPolicyArns": Array [
          Object {
            "Fn::Join": Array [
              "",
              Array [
                "arn:",
                Object {
                  "Ref": "AWS::Partition",
                },
                ":iam::aws:policy/service-role/AWSLambdaBasicExecutionRole",
              ],
            ],
          },
        ],
      },
      "Type": "AWS::IAM::Role",
    },
    "LogRetentionaae0aa3c5b4d4f87b02d85b201efdd8aServiceRoleDefaultPolicyADDA7DEB": Object {
      "Properties": Object {
        "PolicyDocument": Object {
          "Statement": Array [
            Object {
              "Action": Array [
                "logs:PutRetentionPolicy",
                "logs:DeleteRetentionPolicy",
              ],
              "Effect": "Allow",
              "Resource": "*",
            },
          ],
          "Version": "2012-10-17",
        },
        "PolicyName": "LogRetentionaae0aa3c5b4d4f87b02d85b201efdd8aServiceRoleDefaultPolicyADDA7DEB",
        "Roles": Array [
          Object {
            "Ref": "LogRetentionaae0aa3c5b4d4f87b02d85b201efdd8aServiceRole9741ECFB",
          },
        ],
      },
      "Type": "AWS::IAM::Policy",
    },
    "testrunnertestclusterstartrunnersec204C3B8B9": Object {
      "DependsOn": Array [
        "testrunnertestrunnerrole26678EE0",
      ],
      "Properties": Object {
        "Code": Object {
          "S3Bucket": Object {
            "Fn::Sub": "cdk-hnb659fds-assets-\${AWS::AccountId}-us-east-1",
          },
          "S3Key": "XXXXXXXXXXXXXXXXXXXXXXXXXXXXXXXXXXXXXXXXXXXXXXXXXXXXXXXXXXXXXXXX.zip",
        },
        "Environment": Object {
          "Variables": Object {
            "AWS_NODEJS_CONNECTION_REUSE_ENABLED": "1",
            "CLUSTER_NAME": "test-cluster",
            "CONTAINER_NAME": "github-actions-runner",
            "EC2_CAPACITY_PROVIDERS": "amd64-cap-provider,arm64-cap-provider",
            "EC2_TASK_DEF_FAMILY": "test-cluster-ec2",
            "FARGATE_TASK_DEF_FAMILIES": "test-cluster-fg-arm64,test-cluster-fg-x86_64",
            "REPO_NAME": "reponame",
            "REPO_OWNER": "your",
            "SECRET_NAME": "test-secret-name",
            "SECURITY_GROUP": "sg-XXXXXXXXXXXXXXXXX",
            "SUBNETS": "subnet-11111111111111111,subnet-22222222222222222",
          },
        },
        "FunctionName": "test-cluster-start-runners-ec2",
        "Handler": "index.ec2Handler",
        "Role": Object {
          "Fn::GetAtt": Array [
            "testrunnertestrunnerrole26678EE0",
            "Arn",
          ],
        },
        "Runtime": "nodejs16.x",
      },
      "Type": "AWS::Lambda::Function",
    },
    "testrunnertestclusterstartrunnersec2LogRetentionD95CC791": Object {
      "Properties": Object {
        "LogGroupName": Object {
          "Fn::Join": Array [
            "",
            Array [
              "/aws/lambda/",
              Object {
                "Ref": "testrunnertestclusterstartrunnersec204C3B8B9",
              },
            ],
          ],
        },
        "RetentionInDays": 7,
        "ServiceToken": Object {
          "Fn::GetAtt": Array [
            "LogRetentionaae0aa3c5b4d4f87b02d85b201efdd8aFD4BFC8A",
            "Arn",
          ],
        },
      },
      "Type": "Custom::LogRetention",
    },
    "testrunnertestclusterstartrunnersfargateDE56FBAE": Object {
      "DependsOn": Array [
        "testrunnertestrunnerrole26678EE0",
      ],
      "Properties": Object {
        "Code": Object {
          "S3Bucket": Object {
            "Fn::Sub": "cdk-hnb659fds-assets-\${AWS::AccountId}-us-east-1",
          },
          "S3Key": "XXXXXXXXXXXXXXXXXXXXXXXXXXXXXXXXXXXXXXXXXXXXXXXXXXXXXXXXXXXXXXXX.zip",
        },
        "Environment": Object {
          "Variables": Object {
            "AWS_NODEJS_CONNECTION_REUSE_ENABLED": "1",
            "CLUSTER_NAME": "test-cluster",
            "CONTAINER_NAME": "github-actions-runner",
            "EC2_CAPACITY_PROVIDERS": "amd64-cap-provider,arm64-cap-provider",
            "EC2_TASK_DEF_FAMILY": "test-cluster-ec2",
            "FARGATE_TASK_DEF_FAMILIES": "test-cluster-fg-arm64,test-cluster-fg-x86_64",
            "REPO_NAME": "reponame",
            "REPO_OWNER": "your",
            "SECRET_NAME": "test-secret-name",
            "SECURITY_GROUP": "sg-XXXXXXXXXXXXXXXXX",
            "SUBNETS": "subnet-11111111111111111,subnet-22222222222222222",
          },
        },
        "FunctionName": "test-cluster-start-runners-fargate",
        "Handler": "index.fargateHandler",
        "Role": Object {
          "Fn::GetAtt": Array [
            "testrunnertestrunnerrole26678EE0",
            "Arn",
          ],
        },
        "Runtime": "nodejs16.x",
      },
      "Type": "AWS::Lambda::Function",
    },
    "testrunnertestclusterstartrunnersfargateLogRetentionBD39DC4E": Object {
      "Properties": Object {
        "LogGroupName": Object {
          "Fn::Join": Array [
            "",
            Array [
              "/aws/lambda/",
              Object {
                "Ref": "testrunnertestclusterstartrunnersfargateDE56FBAE",
              },
            ],
          ],
        },
        "RetentionInDays": 7,
        "ServiceToken": Object {
          "Fn::GetAtt": Array [
            "LogRetentionaae0aa3c5b4d4f87b02d85b201efdd8aFD4BFC8A",
            "Arn",
          ],
        },
      },
      "Type": "Custom::LogRetention",
    },
    "testrunnertestclusterstoprunners0DD77B77": Object {
      "DependsOn": Array [
        "testrunnertestrunnerrole26678EE0",
      ],
      "Properties": Object {
        "Code": Object {
          "S3Bucket": Object {
            "Fn::Sub": "cdk-hnb659fds-assets-\${AWS::AccountId}-us-east-1",
          },
          "S3Key": "XXXXXXXXXXXXXXXXXXXXXXXXXXXXXXXXXXXXXXXXXXXXXXXXXXXXXXXXXXXXXXXX.zip",
        },
        "Environment": Object {
          "Variables": Object {
            "AWS_NODEJS_CONNECTION_REUSE_ENABLED": "1",
            "CLUSTER_NAME": "test-cluster",
            "CONTAINER_NAME": "github-actions-runner",
            "EC2_CAPACITY_PROVIDERS": "amd64-cap-provider,arm64-cap-provider",
            "EC2_TASK_DEF_FAMILY": "test-cluster-ec2",
            "FARGATE_TASK_DEF_FAMILIES": "test-cluster-fg-arm64,test-cluster-fg-x86_64",
            "REPO_NAME": "reponame",
            "REPO_OWNER": "your",
            "SECRET_NAME": "test-secret-name",
            "SECURITY_GROUP": "sg-XXXXXXXXXXXXXXXXX",
            "SUBNETS": "subnet-11111111111111111,subnet-22222222222222222",
          },
        },
        "FunctionName": "test-cluster-stop-runners",
        "Handler": "index.handler",
        "Role": Object {
          "Fn::GetAtt": Array [
            "testrunnertestrunnerrole26678EE0",
            "Arn",
          ],
        },
        "Runtime": "nodejs16.x",
      },
      "Type": "AWS::Lambda::Function",
    },
    "testrunnertestclusterstoprunnersLogRetentionC77F0BB5": Object {
      "Properties": Object {
        "LogGroupName": Object {
          "Fn::Join": Array [
            "",
            Array [
              "/aws/lambda/",
              Object {
                "Ref": "testrunnertestclusterstoprunners0DD77B77",
              },
            ],
          ],
        },
        "RetentionInDays": 7,
        "ServiceToken": Object {
          "Fn::GetAtt": Array [
            "LogRetentionaae0aa3c5b4d4f87b02d85b201efdd8aFD4BFC8A",
            "Arn",
          ],
        },
      },
      "Type": "Custom::LogRetention",
    },
    "testrunnertestrunnerrole26678EE0": Object {
      "Properties": Object {
        "AssumeRolePolicyDocument": Object {
          "Statement": Array [
            Object {
              "Action": "sts:AssumeRole",
              "Effect": "Allow",
              "Principal": Object {
                "Service": "lambda.amazonaws.com",
              },
            },
          ],
          "Version": "2012-10-17",
        },
        "Description": "Role of Lambda function to start or stop Gihhub runners",
        "ManagedPolicyArns": Array [
          Object {
            "Fn::Join": Array [
              "",
              Array [
                "arn:",
                Object {
                  "Ref": "AWS::Partition",
                },
                ":iam::aws:policy/service-role/AWSLambdaBasicExecutionRole",
              ],
            ],
          },
        ],
        "Path": "/test-runner/",
        "Policies": Array [
          Object {
            "PolicyDocument": Object {
              "Statement": Array [
                Object {
                  "Action": Array [
                    "ecs:ListTaskDefinitions",
                    "ecs:ListTasks",
                  ],
                  "Effect": "Allow",
                  "Resource": "*",
                },
                Object {
                  "Action": Array [
                    "ecs:runTask",
                    "ecs:stopTask",
                  ],
                  "Effect": "Allow",
                  "Resource": Array [
                    "arn:aws:ecs:us-east-1:*:task/test-cluster/*",
                    "arn:aws:ecs:us-east-1:*:task-definition/test-cluster-ec2:*",
                    "arn:aws:ecs:us-east-1:*:task-definition/test-cluster-fg-arm64:*",
                    "arn:aws:ecs:us-east-1:*:task-definition/test-cluster-fg-x86_64:*",
                  ],
                },
                Object {
                  "Action": "secretsmanager:GetSecretValue",
                  "Effect": "Allow",
                  "Resource": "arn:aws:secretsmanager:us-east-1:*:secret:*",
                },
                Object {
                  "Action": "iam:PassRole",
                  "Effect": "Allow",
                  "Resource": "arn:aws:iam::*:role/*",
                },
              ],
              "Version": "2012-10-17",
            },
            "PolicyName": "runTask",
          },
        ],
        "RoleName": "ProvisionRunnersRole",
      },
      "Type": "AWS::IAM::Role",
    },
  },
  "Rules": Object {
    "CheckBootstrapVersion": Object {
      "Assertions": Array [
        Object {
          "Assert": Object {
            "Fn::Not": Array [
              Object {
                "Fn::Contains": Array [
                  Array [
                    "1",
                    "2",
                    "3",
                    "4",
                    "5",
                  ],
                  Object {
                    "Ref": "BootstrapVersion",
                  },
                ],
              },
            ],
          },
          "AssertDescription": "CDK bootstrap stack version 6 required. Please run 'cdk bootstrap' with a recent version of the CDK CLI.",
        },
      ],
    },
  },
}
`;
